> use mdb2states
switched to db mdb2states
> db.zips.aggregate( { $group : { _id : "$state", countZips : { $sum : 1 } }}, { $sort: {countZips:-1}}, {$limit:4} );
{
	"result" : [
		{
			"_id" : "TX",
			"countZips" : 1676
		},
		{
			"_id" : "NY",
			"countZips" : 1596
		},
		{
			"_id" : "CA",
			"countZips" : 1523
		},
		{
			"_id" : "PA",
			"countZips" : 1458
		}
	],
	"ok" : 1
}
> > db.zips.aggregate(   [     { $project : { _id : { $substr : ["$city",0,1] } } } ,      { $group : { _id : "$_id", n : {$sum:1} } },{$match : {_id:{$gte :"0"}, _id:{$lte : "9"} } }, {$sort: {_id:1}}   ] )
Fri May 17 16:12:48 SyntaxError: syntax error (shell):1
>  db.zips.aggregate(   [     { $project : { _id : { $substr : ["$city",0,1] } } } ,      { $group : { _id : "$_id", n : {$sum:1} } },{$match : {_id:{$gte :"0"}, _id:{$lte : "9"} } }, {$sort: {_id:1}}   ] )
{
	"result" : [
		{
			"_id" : "0",
			"n" : 3
		},
		{
			"_id" : "1",
			"n" : 1
		},
		{
			"_id" : "2",
			"n" : 13
		},
		{
			"_id" : "3",
			"n" : 22
		},
		{
			"_id" : "4",
			"n" : 19
		},
		{
			"_id" : "5",
			"n" : 15
		},
		{
			"_id" : "6",
			"n" : 20
		},
		{
			"_id" : "7",
			"n" : 10
		},
		{
			"_id" : "8",
			"n" : 3
		},
		{
			"_id" : "9",
			"n" : 8
		}
	],
	"ok" : 1
}
> db.zips.remove({city: /^[0-9]/})
> db.zips.remove({city: /^[0-9]/})
>  db.zips.count()
29353
> db.policies.find( { status : { $ne : "expired" }, coverages : { $elemMatch : { type : "liability", rates : { $elemMatch : { rate : { $gte : 100 }, current : true } } } } } )
> db.zips.mapReduce(map_closest, r, {out :{inline:1}, query : {state : /^PA$/i}})

{
	"results" : [
		{
			"_id" : "phil",
			"value" : {
				"count" : 732
			}
		},
		{
			"_id" : "pitt",
			"value" : {
				"count" : 726
			}
		}
	],
	"timeMillis" : 142,
	"counts" : {
		"input" : 1458,
		"emit" : 1458,
		"reduce" : 19,
		"output" : 2
	},
	"ok" : 1,
}
